../Core/Src/main.c:74:6:reset	1
../Core/Src/main.c:85:6:wait_till_ready	2
../Core/Src/main.c:94:6:write_cmd	1
../Core/Src/main.c:102:6:write_reg	1
../Core/Src/main.c:114:9:read_data	1
../Core/Src/main.c:130:9:get_address	1
../Core/Src/main.c:141:6:config_adc	1
../Core/Src/main.c:156:10:read_adc_data	1
../Core/Src/main.c:185:10:getChannelValue	1
../Core/Src/main.c:203:6:send_adc_data_to_rpi	2
../Core/Src/main.c:222:6:HAL_SPI_TxCpltCallback	2
../Core/Src/main.c:254:5:main	2
../Core/Src/main.c:340:6:SystemClock_Config	3
../Core/Src/main.c:387:13:MX_SPI1_Init	2
../Core/Src/main.c:425:13:MX_SPI2_Init	2
../Core/Src/main.c:464:13:MX_USART2_UART_Init	2
../Core/Src/main.c:497:13:MX_GPIO_Init	1
../Core/Src/main.c:553:6:Error_Handler	1
