../Core/Src/main.c:74:6:reset	8	static
../Core/Src/main.c:85:6:wait_till_ready	8	static
../Core/Src/main.c:94:6:write_cmd	16	static
../Core/Src/main.c:102:6:write_reg	16	static
../Core/Src/main.c:114:9:read_data	24	static
../Core/Src/main.c:130:9:get_address	16	static
../Core/Src/main.c:141:6:config_adc	16	static
../Core/Src/main.c:156:10:read_adc_data	16	static
../Core/Src/main.c:185:10:getChannelValue	24	static
../Core/Src/main.c:203:6:send_adc_data_to_rpi	24	static
../Core/Src/main.c:222:6:HAL_SPI_TxCpltCallback	16	static
../Core/Src/main.c:254:5:main	16	static
../Core/Src/main.c:340:6:SystemClock_Config	88	static
../Core/Src/main.c:387:13:MX_SPI1_Init	8	static
../Core/Src/main.c:425:13:MX_SPI2_Init	8	static
../Core/Src/main.c:464:13:MX_USART2_UART_Init	8	static
../Core/Src/main.c:497:13:MX_GPIO_Init	48	static
../Core/Src/main.c:553:6:Error_Handler	4	static,ignoring_inline_asm
